------------------------------------------------------------
Timing Analyzer Summary
------------------------------------------------------------

Type  : Slow 1200mV 85C Model Setup 'reloj'
Slack : -4.328
TNS   : -67.984

Type  : Slow 1200mV 85C Model Setup '\divisor:cuenta[22]'
Slack : -1.112
TNS   : -8.169

Type  : Slow 1200mV 85C Model Hold '\divisor:cuenta[22]'
Slack : 0.348
TNS   : 0.000

Type  : Slow 1200mV 85C Model Hold 'reloj'
Slack : 0.631
TNS   : 0.000

Type  : Slow 1200mV 85C Model Minimum Pulse Width 'reloj'
Slack : -3.000
TNS   : -42.284

Type  : Slow 1200mV 85C Model Minimum Pulse Width '\divisor:cuenta[22]'
Slack : -1.403
TNS   : -35.075

Type  : Slow 1200mV 0C Model Setup 'reloj'
Slack : -3.927
TNS   : -59.337

Type  : Slow 1200mV 0C Model Setup '\divisor:cuenta[22]'
Slack : -0.952
TNS   : -6.198

Type  : Slow 1200mV 0C Model Hold '\divisor:cuenta[22]'
Slack : 0.312
TNS   : 0.000

Type  : Slow 1200mV 0C Model Hold 'reloj'
Slack : 0.582
TNS   : 0.000

Type  : Slow 1200mV 0C Model Minimum Pulse Width 'reloj'
Slack : -3.000
TNS   : -42.284

Type  : Slow 1200mV 0C Model Minimum Pulse Width '\divisor:cuenta[22]'
Slack : -1.403
TNS   : -35.075

Type  : Fast 1200mV 0C Model Setup 'reloj'
Slack : -1.486
TNS   : -15.756

Type  : Fast 1200mV 0C Model Setup '\divisor:cuenta[22]'
Slack : 0.109
TNS   : 0.000

Type  : Fast 1200mV 0C Model Hold '\divisor:cuenta[22]'
Slack : 0.152
TNS   : 0.000

Type  : Fast 1200mV 0C Model Hold 'reloj'
Slack : 0.243
TNS   : 0.000

Type  : Fast 1200mV 0C Model Minimum Pulse Width 'reloj'
Slack : -3.000
TNS   : -31.980

Type  : Fast 1200mV 0C Model Minimum Pulse Width '\divisor:cuenta[22]'
Slack : -1.000
TNS   : -25.000

------------------------------------------------------------
