------------------------------------------------------------
Timing Analyzer Summary
------------------------------------------------------------

Type  : Slow 1200mV 85C Model Setup 'reloj'
Slack : -4.444
TNS   : -88.255

Type  : Slow 1200mV 85C Model Setup '\divisor:CUENTA[10]'
Slack : 0.131
TNS   : 0.000

Type  : Slow 1200mV 85C Model Hold '\divisor:CUENTA[10]'
Slack : 0.347
TNS   : 0.000

Type  : Slow 1200mV 85C Model Hold 'reloj'
Slack : 0.638
TNS   : 0.000

Type  : Slow 1200mV 85C Model Minimum Pulse Width 'reloj'
Slack : -3.000
TNS   : -42.284

Type  : Slow 1200mV 85C Model Minimum Pulse Width '\divisor:CUENTA[10]'
Slack : -1.403
TNS   : -2.806

Type  : Slow 1200mV 0C Model Setup 'reloj'
Slack : -4.031
TNS   : -78.122

Type  : Slow 1200mV 0C Model Setup '\divisor:CUENTA[10]'
Slack : 0.202
TNS   : 0.000

Type  : Slow 1200mV 0C Model Hold '\divisor:CUENTA[10]'
Slack : 0.311
TNS   : 0.000

Type  : Slow 1200mV 0C Model Hold 'reloj'
Slack : 0.590
TNS   : 0.000

Type  : Slow 1200mV 0C Model Minimum Pulse Width 'reloj'
Slack : -3.000
TNS   : -42.284

Type  : Slow 1200mV 0C Model Minimum Pulse Width '\divisor:CUENTA[10]'
Slack : -1.403
TNS   : -2.806

Type  : Fast 1200mV 0C Model Setup 'reloj'
Slack : -1.647
TNS   : -30.860

Type  : Fast 1200mV 0C Model Setup '\divisor:CUENTA[10]'
Slack : 0.626
TNS   : 0.000

Type  : Fast 1200mV 0C Model Hold '\divisor:CUENTA[10]'
Slack : 0.151
TNS   : 0.000

Type  : Fast 1200mV 0C Model Hold 'reloj'
Slack : 0.246
TNS   : 0.000

Type  : Fast 1200mV 0C Model Minimum Pulse Width 'reloj'
Slack : -3.000
TNS   : -31.801

Type  : Fast 1200mV 0C Model Minimum Pulse Width '\divisor:CUENTA[10]'
Slack : -1.000
TNS   : -2.000

------------------------------------------------------------
