------------------------------------------------------------
Timing Analyzer Summary
------------------------------------------------------------

Type  : Slow 1200mV 85C Model Setup 'reloj'
Slack : -3.534
TNS   : -71.185

Type  : Slow 1200mV 85C Model Setup '\divisor:CUENTA[10]'
Slack : 0.067
TNS   : 0.000

Type  : Slow 1200mV 85C Model Hold '\divisor:CUENTA[10]'
Slack : 0.361
TNS   : 0.000

Type  : Slow 1200mV 85C Model Hold 'reloj'
Slack : 0.727
TNS   : 0.000

Type  : Slow 1200mV 85C Model Minimum Pulse Width 'reloj'
Slack : -3.000
TNS   : -44.636

Type  : Slow 1200mV 85C Model Minimum Pulse Width '\divisor:CUENTA[10]'
Slack : -1.487
TNS   : -2.974

Type  : Slow 1200mV 0C Model Setup 'reloj'
Slack : -3.192
TNS   : -63.706

Type  : Slow 1200mV 0C Model Setup '\divisor:CUENTA[10]'
Slack : 0.148
TNS   : 0.000

Type  : Slow 1200mV 0C Model Hold '\divisor:CUENTA[10]'
Slack : 0.323
TNS   : 0.000

Type  : Slow 1200mV 0C Model Hold 'reloj'
Slack : 0.686
TNS   : 0.000

Type  : Slow 1200mV 0C Model Minimum Pulse Width 'reloj'
Slack : -3.000
TNS   : -44.636

Type  : Slow 1200mV 0C Model Minimum Pulse Width '\divisor:CUENTA[10]'
Slack : -1.487
TNS   : -2.974

Type  : Fast 1200mV 0C Model Setup 'reloj'
Slack : -1.265
TNS   : -20.297

Type  : Fast 1200mV 0C Model Setup '\divisor:CUENTA[10]'
Slack : 0.631
TNS   : 0.000

Type  : Fast 1200mV 0C Model Hold '\divisor:CUENTA[10]'
Slack : 0.152
TNS   : 0.000

Type  : Fast 1200mV 0C Model Hold 'reloj'
Slack : 0.249
TNS   : 0.000

Type  : Fast 1200mV 0C Model Minimum Pulse Width 'reloj'
Slack : -3.000
TNS   : -31.868

Type  : Fast 1200mV 0C Model Minimum Pulse Width '\divisor:CUENTA[10]'
Slack : -1.000
TNS   : -2.000

------------------------------------------------------------
